Downloading https://services.gradle.org/distributions/gradle-8.7-all.zip
.....................................................................................................................................................................................................................................................................................................................................................................................................................................................................................................................................................................................................................................................................................................................................................................................................................................................................................................................................................................................................................................................................................................................................................................................................................................................................................................................................................................................................................................................................................................................................................................................................................................................................................................................................................................................................................................................................................................................................................................................................................................................................................................................................................................................................................................................................................................................................................................................................................................................................................................................................................................................................................................................................................................................................................................................................................................................................................................................................................................................................................................................................................................................................................................................................................................................................................................................................................................................................................................................................................................................................................................................................................................................................................................................................................................................................................................................................................................................................................................................................................................................................................................................................................................................................................................................................................................................................................................................................................................................................................................................................................................................................................................................................................................................................................................................................................................................................................................................................................................................................................................................................................................................................................................................................................................................................................................................................................................................................................................................................................................................................................................................................................................................................................................................................................................................................................................................................................................................................................................................................................................................................................................................................................................................................................................................................................................................................................................................................................................................................................................................................................................................................................................................................................................................................................................................................................................................................................................................................................................................................................................................................................................................................................................................................................................................................................................................................................................................................................................................................................................................................................................................................................................................................................................................................................................................................................................................................................................................................................................................................................................................................................................................................................................................................................................................................................................................................................................................................................................................................................................................................................................................................................................................................................................................................................................................................................................................................................................................................................................................................................................................................................................................................................................................................................................................................................................................................................................................................................................................................................................................................................................................................................................................................................................................................................................................................................................................................................................................................................................................................................................................................................................................................................................................................................................................................................................................................................................................................................................................................................................................................................................................................................................................................................................................................................................................................................................................................................................................................................................................................................................................................................................................................................................................................................................................................................................................................................................................................................................................................................................................................................................................................................................................................................
Unzipping /home/runner/.gradle/wrapper/dists/gradle-8.7-all/5dsutvqjvt53v782finjdccb40/gradle-8.7-all.zip to /home/runner/.gradle/wrapper/dists/gradle-8.7-all/5dsutvqjvt53v782finjdccb40
Set executable permissions for: /home/runner/.gradle/wrapper/dists/gradle-8.7-all/5dsutvqjvt53v782finjdccb40/gradle-8.7/bin/gradle

Welcome to Gradle 8.7!

Here are the highlights of this release:
 - Compiling and testing with Java 22
 - Cacheable Groovy script compilation
 - New methods in lazy collection properties

For more details see https://docs.gradle.org/8.7/release-notes.html

Starting a Gradle Daemon (subsequent builds will be faster)
> Task :clean UP-TO-DATE
> Task :ScreenNotifications:clean UP-TO-DATE
> Task :ScreenNotifications:preBuild UP-TO-DATE
> Task :ScreenNotifications:preDebugBuild UP-TO-DATE
> Task :ScreenNotifications:mergeDebugNativeDebugMetadata NO-SOURCE
> Task :ScreenNotifications:generateDebugBuildConfig
> Task :ScreenNotifications:javaPreCompileDebug
> Task :ScreenNotifications:generateDebugResValues
> Task :ScreenNotifications:checkDebugAarMetadata
> Task :ScreenNotifications:mapDebugSourceSetPaths
> Task :ScreenNotifications:generateDebugResources
> Task :ScreenNotifications:packageDebugResources
> Task :ScreenNotifications:mergeDebugResources
> Task :ScreenNotifications:createDebugCompatibleScreenManifests
> Task :ScreenNotifications:extractDeepLinksDebug
> Task :ScreenNotifications:parseDebugLocalResources
> Task :ScreenNotifications:processDebugMainManifest
> Task :ScreenNotifications:processDebugManifest
> Task :ScreenNotifications:mergeDebugShaders
> Task :ScreenNotifications:processDebugManifestForPackage
> Task :ScreenNotifications:compileDebugShaders NO-SOURCE
> Task :ScreenNotifications:generateDebugAssets UP-TO-DATE
> Task :ScreenNotifications:mergeDebugAssets
> Task :ScreenNotifications:compressDebugAssets
> Task :ScreenNotifications:processDebugJavaRes NO-SOURCE
> Task :ScreenNotifications:processDebugResources
> Task :ScreenNotifications:mergeDebugJavaResource
> Task :ScreenNotifications:compileDebugJavaWithJavac
> Task :ScreenNotifications:desugarDebugFileDependencies
> Task :ScreenNotifications:mergeDebugStartupProfile
> Task :ScreenNotifications:checkDebugDuplicateClasses
> Task :ScreenNotifications:dexBuilderDebug
> Task :ScreenNotifications:mergeDebugJniLibFolders
> Task :ScreenNotifications:mergeLibDexDebug
> Task :ScreenNotifications:mergeDebugNativeLibs NO-SOURCE
> Task :ScreenNotifications:stripDebugDebugSymbols NO-SOURCE
> Task :ScreenNotifications:mergeProjectDexDebug
> Task :ScreenNotifications:validateSigningDebug
> Task :ScreenNotifications:writeDebugAppMetadata
> Task :ScreenNotifications:writeDebugSigningConfigVersions
> Task :ScreenNotifications:mergeExtDexDebug
> Task :ScreenNotifications:packageDebug
> Task :ScreenNotifications:createDebugApkListingFileRedirect
> Task :ScreenNotifications:assembleDebug

BUILD SUCCESSFUL in 1m 2s
35 actionable tasks: 33 executed, 2 up-to-date
